// Jest Snapshot v1, https://goo.gl/fbAQLP

exports[`location adapter tests should match the snapshot 1`] = `
Object {
  "address1": "123 Fake Street",
  "city": "Pleasantown",
  "country": "United States",
  "owner": "Red Rose",
  "state": "New York",
  "zip": "99085",
}
`;
