// Jest Snapshot v1, https://goo.gl/fbAQLP

exports[`location service tests getLocationByTicketId should match the snapshot 1`] = `
Object {
  "address1": "123 Fake Street",
  "city": "Pleasantown",
  "country": "United States",
  "owner": "Red Rose",
  "state": "New York",
  "zip": "99085",
}
`;

exports[`location service tests getLocationByTicketId should return an error if the service fail 1`] = `
Object {
  "error": "Request failed with status code 404",
}
`;
